Loading required package: shiny

Attaching package: 'plotly'

The following object is masked from 'package:ggplot2':

    last_plot

The following object is masked from 'package:stats':

    filter

The following object is masked from 'package:graphics':

    layout


Attaching package: 'dplyr'

The following objects are masked from 'package:stats':

    filter, lag

The following objects are masked from 'package:base':

    intersect, setdiff, setequal, union


Attaching package: 'DT'

The following objects are masked from 'package:shiny':

    dataTableOutput, renderDataTable


Attaching package: 'jsonlite'

The following object is masked from 'package:shiny':

    validate


Listening on http://127.0.0.1:3838
createTcpServer: address already in use
Error in initialize(...) : Failed to create server
Calls: <Anonymous> ... startApp -> startServer -> <Anonymous> -> initialize
Execution halted
